// Jest Snapshot v1, https://goo.gl/fbAQLP

exports[`Countries List test renders the exact same elements 1`] = `
Object {
  "asFragment": [Function],
  "baseElement": <body>
    <div>
      <div>
        <div
          class="flex mx-auto w-10/12 justify-center"
        >
          <input
            class="mx-auto w-1/2 my-5 py-3 px-5 rounded-full text-black outline-0"
            placeholder="search for a country"
            type="text"
            value=""
          />
        </div>
        <div
          class="flex-wrap my-5 grid grid-cols-2 md:grid-cols-3 bg-blue-900"
        />
      </div>
    </div>
  </body>,
  "container": <div>
    <div>
      <div
        class="flex mx-auto w-10/12 justify-center"
      >
        <input
          class="mx-auto w-1/2 my-5 py-3 px-5 rounded-full text-black outline-0"
          placeholder="search for a country"
          type="text"
          value=""
        />
      </div>
      <div
        class="flex-wrap my-5 grid grid-cols-2 md:grid-cols-3 bg-blue-900"
      />
    </div>
  </div>,
  "debug": [Function],
  "findAllByAltText": [Function],
  "findAllByDisplayValue": [Function],
  "findAllByLabelText": [Function],
  "findAllByPlaceholderText": [Function],
  "findAllByRole": [Function],
  "findAllByTestId": [Function],
  "findAllByText": [Function],
  "findAllByTitle": [Function],
  "findByAltText": [Function],
  "findByDisplayValue": [Function],
  "findByLabelText": [Function],
  "findByPlaceholderText": [Function],
  "findByRole": [Function],
  "findByTestId": [Function],
  "findByText": [Function],
  "findByTitle": [Function],
  "getAllByAltText": [Function],
  "getAllByDisplayValue": [Function],
  "getAllByLabelText": [Function],
  "getAllByPlaceholderText": [Function],
  "getAllByRole": [Function],
  "getAllByTestId": [Function],
  "getAllByText": [Function],
  "getAllByTitle": [Function],
  "getByAltText": [Function],
  "getByDisplayValue": [Function],
  "getByLabelText": [Function],
  "getByPlaceholderText": [Function],
  "getByRole": [Function],
  "getByTestId": [Function],
  "getByText": [Function],
  "getByTitle": [Function],
  "queryAllByAltText": [Function],
  "queryAllByDisplayValue": [Function],
  "queryAllByLabelText": [Function],
  "queryAllByPlaceholderText": [Function],
  "queryAllByRole": [Function],
  "queryAllByTestId": [Function],
  "queryAllByText": [Function],
  "queryAllByTitle": [Function],
  "queryByAltText": [Function],
  "queryByDisplayValue": [Function],
  "queryByLabelText": [Function],
  "queryByPlaceholderText": [Function],
  "queryByRole": [Function],
  "queryByTestId": [Function],
  "queryByText": [Function],
  "queryByTitle": [Function],
  "rerender": [Function],
  "unmount": [Function],
}
`;
